// Jest Snapshot v1, https://goo.gl/fbAQLP

exports[`renders github information card 1`] = `
<div
  className="card"
  style={
    Object {
      "width": "18rem",
    }
  }
>
  <img
    className="card-img-top"
    src="Headshot.jpeg"
  />
  <div
    className="card-body"
  >
    <div
      className="card-title h5"
    >
      Github Username: RyanJRasmussen
    </div>
    <p
      className="card-text"
    >
      Gamer, musician, software dev
    </p>
  </div>
</div>
`;
